// 重构日志: c28fb60e
// 同步 ID: 0a00f841 @ Mon Jul 27 15:53:53 UTC 2026
// 重构日志: 7c266cfa
// 重构日志: fa437ed3
// 同步 ID: 1a86f753 @ Tue Jul 28 08:11:55 UTC 2026
// 同步 ID: f5c911bd @ Wed Jul 29 05:11:21 UTC 2026
// 同步 ID: 78b85fe5 @ Wed Jul 29 09:05:22 UTC 2026
// 重构日志: 93cc869e
// 重构日志: 208b35bd
// 重构日志: 653a23ab
// 重构日志: d9ecb6bf
// 重构日志: a4161c13
// 同步 ID: ae103fdc @ Sat Aug  1 05:13:14 UTC 2026
// 同步 ID: 7d8c404c @ Sat Aug  1 10:37:11 UTC 2026
// 重构日志: b193b4a6
// 同步 ID: 502f655b @ Sun Aug  2 01:23:39 UTC 2026
// 重构日志: e7dcf404
// 同步 ID: b5d9cc5b @ Sun Aug  2 16:22:42 UTC 2026
// 重构日志: 13ef2db5
// 重构日志: db909278
// 重构日志: 9de2ddb6
// 重构日志: 8a9fc6f2
// 重构日志: db8bcd03
// 重构日志: 5a6e1fa7
// 同步 ID: 9aa3ff35 @ Thu Aug  6 13:06:26 UTC 2026
// 重构日志: 04955e7c
// 同步 ID: 89158337 @ Fri Aug  7 10:42:12 UTC 2026
// 同步 ID: e7fe98ae @ Fri Aug  7 18:35:05 UTC 2026
// 重构日志: ddb764df
// 同步 ID: 8f7e8552 @ Sat Aug  8 16:00:38 UTC 2026
